// Jest Snapshot v1, https://goo.gl/fbAQLP

exports[`renders correctly 1`] = `
Object {
  "asFragment": [Function],
  "baseElement": <body>
    <div>
      <div
        class="AddToList"
      >
        <input
          class="AddToList-input"
          name="name"
          placeholder="Name"
          type="text"
          value=""
        />
        <input
          class="AddToList-input"
          name="age"
          placeholder="Age"
          type="number"
          value=""
        />
        <input
          class="AddToList-input"
          name="image"
          placeholder="Image URL"
          type="text"
          value=""
        />
        <textarea
          class="AddToList-input"
          name="note"
          placeholder="Note"
        />
        <button
          class="AddToList-btn"
        >
          Add to List
        </button>
      </div>
    </div>
  </body>,
  "container": <div>
    <div
      class="AddToList"
    >
      <input
        class="AddToList-input"
        name="name"
        placeholder="Name"
        type="text"
        value=""
      />
      <input
        class="AddToList-input"
        name="age"
        placeholder="Age"
        type="number"
        value=""
      />
      <input
        class="AddToList-input"
        name="image"
        placeholder="Image URL"
        type="text"
        value=""
      />
      <textarea
        class="AddToList-input"
        name="note"
        placeholder="Note"
      />
      <button
        class="AddToList-btn"
      >
        Add to List
      </button>
    </div>
  </div>,
  "debug": [Function],
  "findAllByAltText": [Function],
  "findAllByDisplayValue": [Function],
  "findAllByLabelText": [Function],
  "findAllByPlaceholderText": [Function],
  "findAllByRole": [Function],
  "findAllByTestId": [Function],
  "findAllByText": [Function],
  "findAllByTitle": [Function],
  "findByAltText": [Function],
  "findByDisplayValue": [Function],
  "findByLabelText": [Function],
  "findByPlaceholderText": [Function],
  "findByRole": [Function],
  "findByTestId": [Function],
  "findByText": [Function],
  "findByTitle": [Function],
  "getAllByAltText": [Function],
  "getAllByDisplayValue": [Function],
  "getAllByLabelText": [Function],
  "getAllByPlaceholderText": [Function],
  "getAllByRole": [Function],
  "getAllByTestId": [Function],
  "getAllByText": [Function],
  "getAllByTitle": [Function],
  "getByAltText": [Function],
  "getByDisplayValue": [Function],
  "getByLabelText": [Function],
  "getByPlaceholderText": [Function],
  "getByRole": [Function],
  "getByTestId": [Function],
  "getByText": [Function],
  "getByTitle": [Function],
  "queryAllByAltText": [Function],
  "queryAllByDisplayValue": [Function],
  "queryAllByLabelText": [Function],
  "queryAllByPlaceholderText": [Function],
  "queryAllByRole": [Function],
  "queryAllByTestId": [Function],
  "queryAllByText": [Function],
  "queryAllByTitle": [Function],
  "queryByAltText": [Function],
  "queryByDisplayValue": [Function],
  "queryByLabelText": [Function],
  "queryByPlaceholderText": [Function],
  "queryByRole": [Function],
  "queryByTestId": [Function],
  "queryByText": [Function],
  "queryByTitle": [Function],
  "rerender": [Function],
  "unmount": [Function],
}
`;
